stm32f7xx_it.c:79:6:NMI_Handler	4	static
stm32f7xx_it.c:94:6:HardFault_Handler	4	static
stm32f7xx_it.c:109:6:MemManage_Handler	4	static
stm32f7xx_it.c:124:6:BusFault_Handler	4	static
stm32f7xx_it.c:139:6:UsageFault_Handler	4	static
stm32f7xx_it.c:154:6:DebugMon_Handler	4	static
stm32f7xx_it.c:174:6:SDMMC1_IRQHandler	8	static
stm32f7xx_it.c:188:6:TIM6_DAC_IRQHandler	8	static
stm32f7xx_it.c:202:6:DMA2_Stream3_IRQHandler	8	static
stm32f7xx_it.c:216:6:ETH_IRQHandler	8	static
stm32f7xx_it.c:230:6:OTG_FS_IRQHandler	8	static
stm32f7xx_it.c:244:6:DMA2_Stream6_IRQHandler	8	static
stm32f7xx_it.c:258:6:USART6_IRQHandler	8	static
stm32f7xx_it.c:272:6:LTDC_IRQHandler	8	static
stm32f7xx_it.c:286:6:DMA2D_IRQHandler	8	static
